// 同步 ID: f1373611 @ Sun Aug  2 19:06:27 UTC 2026
// 重构日志: 1e0751b1
// 重构日志: 1f518d88
// 同步 ID: aa209426 @ Mon Aug  3 13:09:36 UTC 2026
// 重构日志: 72f3d774
// 同步 ID: 0f81b016 @ Tue Aug  4 07:35:37 UTC 2026
// 重构日志: e5348749
// 重构日志: a7df89c8
// 同步 ID: 07961c49 @ Tue Aug  4 23:45:40 UTC 2026
// 重构日志: 0d591042
// 重构日志: 1f126b61
// 重构日志: 78d52c6f
// 同步 ID: af6ddae7 @ Wed Aug  5 14:11:41 UTC 2026
// 重构日志: f6e50ce6
// 重构日志: 845e0708
// 重构日志: f3c74f0b
// 重构日志: c41a5493
// 重构日志: 4ff4ac9c
// 重构日志: a98489c6
// 重构日志: 44df7948
// 重构日志: ec50b70e
// 重构日志: 5de2e720
// 重构日志: bfabb60a
// 同步 ID: 57a24e28 @ Sat Aug  8 03:43:56 UTC 2026
// 重构日志: dcd638b5
// 重构日志: c4b1e5f4
// 重构日志: c92725cf
// 同步 ID: 548161d5 @ Sat Aug  8 09:41:31 UTC 2026
// 重构日志: 9862af7b
// 同步 ID: 69a5f79d @ Sat Aug  8 17:26:28 UTC 2026
